TimeQuest Timing Analyzer report for Lab8
Wed May 05 01:20:22 2021
Quartus II Version 9.0 Build 132 02/25/2009 SJ Web Edition


---------------------
; Table of Contents ;
---------------------
  1. Legal Notice
  2. TimeQuest Timing Analyzer Summary
  3. Parallel Compilation
  4. Clocks
  5. Slow 1200mV 100C Model Fmax Summary
  6. Slow 1200mV 100C Model Setup Summary
  7. Slow 1200mV 100C Model Hold Summary
  8. Slow 1200mV 100C Model Recovery Summary
  9. Slow 1200mV 100C Model Removal Summary
 10. Slow 1200mV 100C Model Minimum Pulse Width
 11. Setup Times
 12. Hold Times
 13. Clock to Output Times
 14. Minimum Clock to Output Times
 15. Slow 1200mV -40C Model Fmax Summary
 16. Slow 1200mV -40C Model Setup Summary
 17. Slow 1200mV -40C Model Hold Summary
 18. Slow 1200mV -40C Model Recovery Summary
 19. Slow 1200mV -40C Model Removal Summary
 20. Slow 1200mV -40C Model Minimum Pulse Width
 21. Setup Times
 22. Hold Times
 23. Clock to Output Times
 24. Minimum Clock to Output Times
 25. Fast 1200mV -40C Model Setup Summary
 26. Fast 1200mV -40C Model Hold Summary
 27. Fast 1200mV -40C Model Recovery Summary
 28. Fast 1200mV -40C Model Removal Summary
 29. Fast 1200mV -40C Model Minimum Pulse Width
 30. Setup Times
 31. Hold Times
 32. Clock to Output Times
 33. Minimum Clock to Output Times
 34. Multicorner Timing Analysis Summary
 35. Setup Times
 36. Hold Times
 37. Clock to Output Times
 38. Minimum Clock to Output Times
 39. Board Trace Model Assignments
 40. Input Transition Times
 41. Slow Corner Signal Integrity Metrics
 42. Fast Corner Signal Integrity Metrics
 43. Clock Transfers
 44. Report TCCS
 45. Report RSKM
 46. Unconstrained Paths
 47. TimeQuest Timing Analyzer Messages



----------------
; Legal Notice ;
----------------
Copyright (C) 1991-2009 Altera Corporation
Your use of Altera Corporation's design tools, logic functions 
and other software and tools, and its AMPP partner logic 
functions, and any output files from any of the foregoing 
(including device programming or simulation files), and any 
associated documentation or information are expressly subject 
to the terms and conditions of the Altera Program License 
Subscription Agreement, Altera MegaCore Function License 
Agreement, or other applicable license agreement, including, 
without limitation, that your use is for the sole purpose of 
programming logic devices manufactured by Altera and sold by 
Altera or its authorized distributors.  Please refer to the 
applicable agreement for further details.



+----------------------------------------------------------------------+
; TimeQuest Timing Analyzer Summary                                    ;
+--------------------+-------------------------------------------------+
; Quartus II Version ; Version 9.0 Build 132 02/25/2009 SJ Web Edition ;
; Revision Name      ; Lab8                                            ;
; Device Family      ; Cyclone III                                     ;
; Device Name        ; EP3C16F484I7                                    ;
; Timing Models      ; Final                                           ;
; Delay Model        ; Combined                                        ;
; Rise/Fall Delays   ; Enabled                                         ;
+--------------------+-------------------------------------------------+


Parallel compilation was disabled, but you have multiple processors available. Enable parallel compilation to reduce compilation time.
+-------------------------------------+
; Parallel Compilation                ;
+----------------------------+--------+
; Processors                 ; Number ;
+----------------------------+--------+
; Number detected on machine ; 4      ;
; Maximum allowed            ; 1      ;
+----------------------------+--------+


+---------------------------------------------------------------------------------------------------------------------------------------------------------------------------------+
; Clocks                                                                                                                                                                          ;
+------------+------+--------+------------+-------+-------+------------+-----------+-------------+-------+--------+-----------+------------+----------+--------+--------+---------+
; Clock Name ; Type ; Period ; Frequency  ; Rise  ; Fall  ; Duty Cycle ; Divide by ; Multiply by ; Phase ; Offset ; Edge List ; Edge Shift ; Inverted ; Master ; Source ; Targets ;
+------------+------+--------+------------+-------+-------+------------+-----------+-------------+-------+--------+-----------+------------+----------+--------+--------+---------+
; C          ; Base ; 1.000  ; 1000.0 MHz ; 0.000 ; 0.500 ;            ;           ;             ;       ;        ;           ;            ;          ;        ;        ; { C }   ;
+------------+------+--------+------------+-------+-------+------------+-----------+-------------+-------+--------+-----------+------------+----------+--------+--------+---------+


---------------------------------------
; Slow 1200mV 100C Model Fmax Summary ;
---------------------------------------
No paths to report.


----------------------------------------
; Slow 1200mV 100C Model Setup Summary ;
----------------------------------------
No paths to report.


---------------------------------------
; Slow 1200mV 100C Model Hold Summary ;
---------------------------------------
No paths to report.


-------------------------------------------
; Slow 1200mV 100C Model Recovery Summary ;
-------------------------------------------
No paths to report.


------------------------------------------
; Slow 1200mV 100C Model Removal Summary ;
------------------------------------------
No paths to report.


+------------------------------------------------------------------------------------------------------------------+
; Slow 1200mV 100C Model Minimum Pulse Width                                                                       ;
+--------+--------------+----------------+-------+------------------+-------+------------+-------------------------+
; Slack  ; Actual Width ; Required Width ; CCPP  ; Type             ; Clock ; Clock Edge ; Target                  ;
+--------+--------------+----------------+-------+------------------+-------+------------+-------------------------+
; -3.000 ; 1.000        ; 4.000          ; 0.000 ; Port Rate        ; C     ; Rise       ; C                       ;
; -1.500 ; 1.000        ; 2.500          ; 0.000 ; Min Period       ; C     ; Rise       ; inst15                  ;
; -1.500 ; 1.000        ; 2.500          ; 0.000 ; Min Period       ; C     ; Rise       ; inst20                  ;
; -1.500 ; 1.000        ; 2.500          ; 0.000 ; Min Period       ; C     ; Rise       ; inst7                   ;
; -1.500 ; 1.000        ; 2.500          ; 0.000 ; Min Period       ; C     ; Rise       ; inst8                   ;
; 0.267  ; 0.306        ; 0.188          ; 0.149 ; Low Pulse Width  ; C     ; Rise       ; inst15                  ;
; 0.267  ; 0.306        ; 0.188          ; 0.149 ; Low Pulse Width  ; C     ; Rise       ; inst20                  ;
; 0.267  ; 0.306        ; 0.188          ; 0.149 ; Low Pulse Width  ; C     ; Rise       ; inst7                   ;
; 0.267  ; 0.306        ; 0.188          ; 0.149 ; Low Pulse Width  ; C     ; Rise       ; inst8                   ;
; 0.323  ; 0.394        ; 0.220          ; 0.149 ; High Pulse Width ; C     ; Rise       ; inst15                  ;
; 0.323  ; 0.394        ; 0.220          ; 0.149 ; High Pulse Width ; C     ; Rise       ; inst20                  ;
; 0.323  ; 0.394        ; 0.220          ; 0.149 ; High Pulse Width ; C     ; Rise       ; inst7                   ;
; 0.323  ; 0.394        ; 0.220          ; 0.149 ; High Pulse Width ; C     ; Rise       ; inst8                   ;
; 0.393  ; 0.393        ; 0.000          ; 0.000 ; Low Pulse Width  ; C     ; Rise       ; C~input|o               ;
; 0.419  ; 0.315        ; 0.000          ; 0.104 ; Low Pulse Width  ; C     ; Rise       ; inst15|clk              ;
; 0.419  ; 0.315        ; 0.000          ; 0.104 ; Low Pulse Width  ; C     ; Rise       ; inst20|clk              ;
; 0.419  ; 0.315        ; 0.000          ; 0.104 ; Low Pulse Width  ; C     ; Rise       ; inst7|clk               ;
; 0.419  ; 0.315        ; 0.000          ; 0.104 ; Low Pulse Width  ; C     ; Rise       ; inst8|clk               ;
; 0.424  ; 0.363        ; 0.000          ; 0.061 ; Low Pulse Width  ; C     ; Rise       ; C~inputclkctrl|inclk[0] ;
; 0.424  ; 0.363        ; 0.000          ; 0.061 ; Low Pulse Width  ; C     ; Rise       ; C~inputclkctrl|outclk   ;
; 0.500  ; 0.500        ; 0.000          ; 0.000 ; High Pulse Width ; C     ; Rise       ; C~input|i               ;
; 0.500  ; 0.500        ; 0.000          ; 0.000 ; Low Pulse Width  ; C     ; Rise       ; C~input|i               ;
; 0.573  ; 0.512        ; 0.000          ; 0.061 ; High Pulse Width ; C     ; Rise       ; C~inputclkctrl|inclk[0] ;
; 0.573  ; 0.512        ; 0.000          ; 0.061 ; High Pulse Width ; C     ; Rise       ; C~inputclkctrl|outclk   ;
; 0.577  ; 0.473        ; 0.000          ; 0.104 ; High Pulse Width ; C     ; Rise       ; inst15|clk              ;
; 0.577  ; 0.473        ; 0.000          ; 0.104 ; High Pulse Width ; C     ; Rise       ; inst20|clk              ;
; 0.577  ; 0.473        ; 0.000          ; 0.104 ; High Pulse Width ; C     ; Rise       ; inst7|clk               ;
; 0.577  ; 0.473        ; 0.000          ; 0.104 ; High Pulse Width ; C     ; Rise       ; inst8|clk               ;
; 0.607  ; 0.607        ; 0.000          ; 0.000 ; High Pulse Width ; C     ; Rise       ; C~input|o               ;
+--------+--------------+----------------+-------+------------------+-------+------------+-------------------------+


+-----------------------------------------------------------------------+
; Setup Times                                                           ;
+-----------+------------+-------+-------+------------+-----------------+
; Data Port ; Clock Port ; Rise  ; Fall  ; Clock Edge ; Clock Reference ;
+-----------+------------+-------+-------+------------+-----------------+
; D0        ; C          ; 0.376 ; 0.733 ; Rise       ; C               ;
; D1        ; C          ; 0.657 ; 1.021 ; Rise       ; C               ;
; D2        ; C          ; 0.330 ; 0.683 ; Rise       ; C               ;
; D3        ; C          ; 0.560 ; 0.945 ; Rise       ; C               ;
; E         ; C          ; 0.484 ; 0.815 ; Rise       ; C               ;
+-----------+------------+-------+-------+------------+-----------------+


+-------------------------------------------------------------------------+
; Hold Times                                                              ;
+-----------+------------+--------+--------+------------+-----------------+
; Data Port ; Clock Port ; Rise   ; Fall   ; Clock Edge ; Clock Reference ;
+-----------+------------+--------+--------+------------+-----------------+
; D0        ; C          ; 0.097  ; -0.236 ; Rise       ; C               ;
; D1        ; C          ; -0.173 ; -0.513 ; Rise       ; C               ;
; D2        ; C          ; 0.141  ; -0.188 ; Rise       ; C               ;
; D3        ; C          ; -0.094 ; -0.465 ; Rise       ; C               ;
; E         ; C          ; -0.150 ; -0.466 ; Rise       ; C               ;
+-----------+------------+--------+--------+------------+-----------------+


+-----------------------------------------------------------------------+
; Clock to Output Times                                                 ;
+-----------+------------+-------+-------+------------+-----------------+
; Data Port ; Clock Port ; Rise  ; Fall  ; Clock Edge ; Clock Reference ;
+-----------+------------+-------+-------+------------+-----------------+
; Q0        ; C          ; 7.335 ; 7.330 ; Rise       ; C               ;
; Q1        ; C          ; 7.355 ; 7.351 ; Rise       ; C               ;
; Q2        ; C          ; 8.420 ; 8.556 ; Rise       ; C               ;
; Q3        ; C          ; 7.123 ; 7.136 ; Rise       ; C               ;
+-----------+------------+-------+-------+------------+-----------------+


+-----------------------------------------------------------------------+
; Minimum Clock to Output Times                                         ;
+-----------+------------+-------+-------+------------+-----------------+
; Data Port ; Clock Port ; Rise  ; Fall  ; Clock Edge ; Clock Reference ;
+-----------+------------+-------+-------+------------+-----------------+
; Q0        ; C          ; 7.158 ; 7.152 ; Rise       ; C               ;
; Q1        ; C          ; 7.177 ; 7.172 ; Rise       ; C               ;
; Q2        ; C          ; 8.252 ; 8.386 ; Rise       ; C               ;
; Q3        ; C          ; 6.955 ; 6.966 ; Rise       ; C               ;
+-----------+------------+-------+-------+------------+-----------------+


---------------------------------------
; Slow 1200mV -40C Model Fmax Summary ;
---------------------------------------
No paths to report.


----------------------------------------
; Slow 1200mV -40C Model Setup Summary ;
----------------------------------------
No paths to report.


---------------------------------------
; Slow 1200mV -40C Model Hold Summary ;
---------------------------------------
No paths to report.


-------------------------------------------
; Slow 1200mV -40C Model Recovery Summary ;
-------------------------------------------
No paths to report.


------------------------------------------
; Slow 1200mV -40C Model Removal Summary ;
------------------------------------------
No paths to report.


+------------------------------------------------------------------------------------------------------------------+
; Slow 1200mV -40C Model Minimum Pulse Width                                                                       ;
+--------+--------------+----------------+-------+------------------+-------+------------+-------------------------+
; Slack  ; Actual Width ; Required Width ; CCPP  ; Type             ; Clock ; Clock Edge ; Target                  ;
+--------+--------------+----------------+-------+------------------+-------+------------+-------------------------+
; -3.000 ; 1.000        ; 4.000          ; 0.000 ; Port Rate        ; C     ; Rise       ; C                       ;
; -1.500 ; 1.000        ; 2.500          ; 0.000 ; Min Period       ; C     ; Rise       ; inst15                  ;
; -1.500 ; 1.000        ; 2.500          ; 0.000 ; Min Period       ; C     ; Rise       ; inst20                  ;
; -1.500 ; 1.000        ; 2.500          ; 0.000 ; Min Period       ; C     ; Rise       ; inst7                   ;
; -1.500 ; 1.000        ; 2.500          ; 0.000 ; Min Period       ; C     ; Rise       ; inst8                   ;
; 0.286  ; 0.379        ; 0.218          ; 0.125 ; High Pulse Width ; C     ; Rise       ; inst15                  ;
; 0.286  ; 0.379        ; 0.218          ; 0.125 ; High Pulse Width ; C     ; Rise       ; inst20                  ;
; 0.286  ; 0.379        ; 0.218          ; 0.125 ; High Pulse Width ; C     ; Rise       ; inst7                   ;
; 0.286  ; 0.379        ; 0.218          ; 0.125 ; High Pulse Width ; C     ; Rise       ; inst8                   ;
; 0.304  ; 0.365        ; 0.186          ; 0.125 ; Low Pulse Width  ; C     ; Rise       ; inst15                  ;
; 0.304  ; 0.365        ; 0.186          ; 0.125 ; Low Pulse Width  ; C     ; Rise       ; inst20                  ;
; 0.304  ; 0.365        ; 0.186          ; 0.125 ; Low Pulse Width  ; C     ; Rise       ; inst7                   ;
; 0.304  ; 0.365        ; 0.186          ; 0.125 ; Low Pulse Width  ; C     ; Rise       ; inst8                   ;
; 0.398  ; 0.398        ; 0.000          ; 0.000 ; Low Pulse Width  ; C     ; Rise       ; C~input|o               ;
; 0.450  ; 0.361        ; 0.000          ; 0.089 ; Low Pulse Width  ; C     ; Rise       ; inst15|clk              ;
; 0.450  ; 0.361        ; 0.000          ; 0.089 ; Low Pulse Width  ; C     ; Rise       ; inst20|clk              ;
; 0.450  ; 0.361        ; 0.000          ; 0.089 ; Low Pulse Width  ; C     ; Rise       ; inst7|clk               ;
; 0.450  ; 0.361        ; 0.000          ; 0.089 ; Low Pulse Width  ; C     ; Rise       ; inst8|clk               ;
; 0.452  ; 0.399        ; 0.000          ; 0.053 ; Low Pulse Width  ; C     ; Rise       ; C~inputclkctrl|inclk[0] ;
; 0.452  ; 0.399        ; 0.000          ; 0.053 ; Low Pulse Width  ; C     ; Rise       ; C~inputclkctrl|outclk   ;
; 0.500  ; 0.500        ; 0.000          ; 0.000 ; High Pulse Width ; C     ; Rise       ; C~input|i               ;
; 0.500  ; 0.500        ; 0.000          ; 0.000 ; Low Pulse Width  ; C     ; Rise       ; C~input|i               ;
; 0.544  ; 0.491        ; 0.000          ; 0.053 ; High Pulse Width ; C     ; Rise       ; C~inputclkctrl|inclk[0] ;
; 0.544  ; 0.491        ; 0.000          ; 0.053 ; High Pulse Width ; C     ; Rise       ; C~inputclkctrl|outclk   ;
; 0.546  ; 0.457        ; 0.000          ; 0.089 ; High Pulse Width ; C     ; Rise       ; inst15|clk              ;
; 0.546  ; 0.457        ; 0.000          ; 0.089 ; High Pulse Width ; C     ; Rise       ; inst20|clk              ;
; 0.546  ; 0.457        ; 0.000          ; 0.089 ; High Pulse Width ; C     ; Rise       ; inst7|clk               ;
; 0.546  ; 0.457        ; 0.000          ; 0.089 ; High Pulse Width ; C     ; Rise       ; inst8|clk               ;
; 0.602  ; 0.602        ; 0.000          ; 0.000 ; High Pulse Width ; C     ; Rise       ; C~input|o               ;
+--------+--------------+----------------+-------+------------------+-------+------------+-------------------------+


+-----------------------------------------------------------------------+
; Setup Times                                                           ;
+-----------+------------+-------+-------+------------+-----------------+
; Data Port ; Clock Port ; Rise  ; Fall  ; Clock Edge ; Clock Reference ;
+-----------+------------+-------+-------+------------+-----------------+
; D0        ; C          ; 0.157 ; 0.373 ; Rise       ; C               ;
; D1        ; C          ; 0.428 ; 0.635 ; Rise       ; C               ;
; D2        ; C          ; 0.119 ; 0.333 ; Rise       ; C               ;
; D3        ; C          ; 0.309 ; 0.562 ; Rise       ; C               ;
; E         ; C          ; 0.242 ; 0.477 ; Rise       ; C               ;
+-----------+------------+-------+-------+------------+-----------------+


+-------------------------------------------------------------------------+
; Hold Times                                                              ;
+-----------+------------+--------+--------+------------+-----------------+
; Data Port ; Clock Port ; Rise   ; Fall   ; Clock Edge ; Clock Reference ;
+-----------+------------+--------+--------+------------+-----------------+
; D0        ; C          ; 0.252  ; 0.051  ; Rise       ; C               ;
; D1        ; C          ; -0.009 ; -0.201 ; Rise       ; C               ;
; D2        ; C          ; 0.288  ; 0.089  ; Rise       ; C               ;
; D3        ; C          ; 0.092  ; -0.153 ; Rise       ; C               ;
; E         ; C          ; 0.046  ; -0.181 ; Rise       ; C               ;
+-----------+------------+--------+--------+------------+-----------------+


+-----------------------------------------------------------------------+
; Clock to Output Times                                                 ;
+-----------+------------+-------+-------+------------+-----------------+
; Data Port ; Clock Port ; Rise  ; Fall  ; Clock Edge ; Clock Reference ;
+-----------+------------+-------+-------+------------+-----------------+
; Q0        ; C          ; 6.845 ; 6.786 ; Rise       ; C               ;
; Q1        ; C          ; 6.861 ; 6.802 ; Rise       ; C               ;
; Q2        ; C          ; 7.941 ; 8.045 ; Rise       ; C               ;
; Q3        ; C          ; 6.645 ; 6.626 ; Rise       ; C               ;
+-----------+------------+-------+-------+------------+-----------------+


+-----------------------------------------------------------------------+
; Minimum Clock to Output Times                                         ;
+-----------+------------+-------+-------+------------+-----------------+
; Data Port ; Clock Port ; Rise  ; Fall  ; Clock Edge ; Clock Reference ;
+-----------+------------+-------+-------+------------+-----------------+
; Q0        ; C          ; 6.690 ; 6.632 ; Rise       ; C               ;
; Q1        ; C          ; 6.705 ; 6.647 ; Rise       ; C               ;
; Q2        ; C          ; 7.794 ; 7.898 ; Rise       ; C               ;
; Q3        ; C          ; 6.498 ; 6.479 ; Rise       ; C               ;
+-----------+------------+-------+-------+------------+-----------------+


----------------------------------------
; Fast 1200mV -40C Model Setup Summary ;
----------------------------------------
No paths to report.


---------------------------------------
; Fast 1200mV -40C Model Hold Summary ;
---------------------------------------
No paths to report.


-------------------------------------------
; Fast 1200mV -40C Model Recovery Summary ;
-------------------------------------------
No paths to report.


------------------------------------------
; Fast 1200mV -40C Model Removal Summary ;
------------------------------------------
No paths to report.


+------------------------------------------------------------------------------------------------------------------+
; Fast 1200mV -40C Model Minimum Pulse Width                                                                       ;
+--------+--------------+----------------+-------+------------------+-------+------------+-------------------------+
; Slack  ; Actual Width ; Required Width ; CCPP  ; Type             ; Clock ; Clock Edge ; Target                  ;
+--------+--------------+----------------+-------+------------------+-------+------------+-------------------------+
; -3.000 ; 1.000        ; 4.000          ; 0.000 ; Port Rate        ; C     ; Rise       ; C                       ;
; -1.000 ; 1.000        ; 2.000          ; 0.000 ; Min Period       ; C     ; Rise       ; inst15                  ;
; -1.000 ; 1.000        ; 2.000          ; 0.000 ; Min Period       ; C     ; Rise       ; inst20                  ;
; -1.000 ; 1.000        ; 2.000          ; 0.000 ; Min Period       ; C     ; Rise       ; inst7                   ;
; -1.000 ; 1.000        ; 2.000          ; 0.000 ; Min Period       ; C     ; Rise       ; inst8                   ;
; -0.104 ; 0.006        ; 0.184          ; 0.074 ; Low Pulse Width  ; C     ; Rise       ; inst15                  ;
; -0.104 ; 0.006        ; 0.184          ; 0.074 ; Low Pulse Width  ; C     ; Rise       ; inst20                  ;
; -0.104 ; 0.006        ; 0.184          ; 0.074 ; Low Pulse Width  ; C     ; Rise       ; inst7                   ;
; -0.104 ; 0.006        ; 0.184          ; 0.074 ; Low Pulse Width  ; C     ; Rise       ; inst8                   ;
; 0.078  ; 0.025        ; 0.000          ; 0.053 ; Low Pulse Width  ; C     ; Rise       ; inst15|clk              ;
; 0.078  ; 0.025        ; 0.000          ; 0.053 ; Low Pulse Width  ; C     ; Rise       ; inst20|clk              ;
; 0.078  ; 0.025        ; 0.000          ; 0.053 ; Low Pulse Width  ; C     ; Rise       ; inst7|clk               ;
; 0.078  ; 0.025        ; 0.000          ; 0.053 ; Low Pulse Width  ; C     ; Rise       ; inst8|clk               ;
; 0.088  ; 0.057        ; 0.000          ; 0.031 ; Low Pulse Width  ; C     ; Rise       ; C~inputclkctrl|inclk[0] ;
; 0.088  ; 0.057        ; 0.000          ; 0.031 ; Low Pulse Width  ; C     ; Rise       ; C~inputclkctrl|outclk   ;
; 0.128  ; 0.128        ; 0.000          ; 0.000 ; Low Pulse Width  ; C     ; Rise       ; C~input|o               ;
; 0.500  ; 0.500        ; 0.000          ; 0.000 ; High Pulse Width ; C     ; Rise       ; C~input|i               ;
; 0.500  ; 0.500        ; 0.000          ; 0.000 ; Low Pulse Width  ; C     ; Rise       ; C~input|i               ;
; 0.700  ; 0.842        ; 0.216          ; 0.074 ; High Pulse Width ; C     ; Rise       ; inst15                  ;
; 0.700  ; 0.842        ; 0.216          ; 0.074 ; High Pulse Width ; C     ; Rise       ; inst20                  ;
; 0.700  ; 0.842        ; 0.216          ; 0.074 ; High Pulse Width ; C     ; Rise       ; inst7                   ;
; 0.700  ; 0.842        ; 0.216          ; 0.074 ; High Pulse Width ; C     ; Rise       ; inst8                   ;
; 0.872  ; 0.872        ; 0.000          ; 0.000 ; High Pulse Width ; C     ; Rise       ; C~input|o               ;
; 0.911  ; 0.880        ; 0.000          ; 0.031 ; High Pulse Width ; C     ; Rise       ; C~inputclkctrl|inclk[0] ;
; 0.911  ; 0.880        ; 0.000          ; 0.031 ; High Pulse Width ; C     ; Rise       ; C~inputclkctrl|outclk   ;
; 0.921  ; 0.868        ; 0.000          ; 0.053 ; High Pulse Width ; C     ; Rise       ; inst15|clk              ;
; 0.921  ; 0.868        ; 0.000          ; 0.053 ; High Pulse Width ; C     ; Rise       ; inst20|clk              ;
; 0.921  ; 0.868        ; 0.000          ; 0.053 ; High Pulse Width ; C     ; Rise       ; inst7|clk               ;
; 0.921  ; 0.868        ; 0.000          ; 0.053 ; High Pulse Width ; C     ; Rise       ; inst8|clk               ;
+--------+--------------+----------------+-------+------------------+-------+------------+-------------------------+


+-----------------------------------------------------------------------+
; Setup Times                                                           ;
+-----------+------------+-------+-------+------------+-----------------+
; Data Port ; Clock Port ; Rise  ; Fall  ; Clock Edge ; Clock Reference ;
+-----------+------------+-------+-------+------------+-----------------+
; D0        ; C          ; 0.135 ; 0.690 ; Rise       ; C               ;
; D1        ; C          ; 0.278 ; 0.853 ; Rise       ; C               ;
; D2        ; C          ; 0.124 ; 0.662 ; Rise       ; C               ;
; D3        ; C          ; 0.223 ; 0.772 ; Rise       ; C               ;
; E         ; C          ; 0.191 ; 0.699 ; Rise       ; C               ;
+-----------+------------+-------+-------+------------+-----------------+


+-------------------------------------------------------------------------+
; Hold Times                                                              ;
+-----------+------------+--------+--------+------------+-----------------+
; Data Port ; Clock Port ; Rise   ; Fall   ; Clock Edge ; Clock Reference ;
+-----------+------------+--------+--------+------------+-----------------+
; D0        ; C          ; 0.087  ; -0.456 ; Rise       ; C               ;
; D1        ; C          ; -0.051 ; -0.612 ; Rise       ; C               ;
; D2        ; C          ; 0.097  ; -0.429 ; Rise       ; C               ;
; D3        ; C          ; -0.003 ; -0.545 ; Rise       ; C               ;
; E         ; C          ; -0.029 ; -0.531 ; Rise       ; C               ;
+-----------+------------+--------+--------+------------+-----------------+


+-----------------------------------------------------------------------+
; Clock to Output Times                                                 ;
+-----------+------------+-------+-------+------------+-----------------+
; Data Port ; Clock Port ; Rise  ; Fall  ; Clock Edge ; Clock Reference ;
+-----------+------------+-------+-------+------------+-----------------+
; Q0        ; C          ; 3.653 ; 3.687 ; Rise       ; C               ;
; Q1        ; C          ; 3.663 ; 3.696 ; Rise       ; C               ;
; Q2        ; C          ; 4.341 ; 4.446 ; Rise       ; C               ;
; Q3        ; C          ; 3.563 ; 3.590 ; Rise       ; C               ;
+-----------+------------+-------+-------+------------+-----------------+


+-----------------------------------------------------------------------+
; Minimum Clock to Output Times                                         ;
+-----------+------------+-------+-------+------------+-----------------+
; Data Port ; Clock Port ; Rise  ; Fall  ; Clock Edge ; Clock Reference ;
+-----------+------------+-------+-------+------------+-----------------+
; Q0        ; C          ; 3.568 ; 3.600 ; Rise       ; C               ;
; Q1        ; C          ; 3.577 ; 3.609 ; Rise       ; C               ;
; Q2        ; C          ; 4.260 ; 4.363 ; Rise       ; C               ;
; Q3        ; C          ; 3.482 ; 3.507 ; Rise       ; C               ;
+-----------+------------+-------+-------+------------+-----------------+


+----------------------------------------------------------------------------+
; Multicorner Timing Analysis Summary                                        ;
+------------------+-------+------+----------+---------+---------------------+
; Clock            ; Setup ; Hold ; Recovery ; Removal ; Minimum Pulse Width ;
+------------------+-------+------+----------+---------+---------------------+
; Worst-case Slack ; 0.0   ; 0.0  ; 0.0      ; 0.0     ; -3.000              ;
; Design-wide TNS  ; 0.0   ; 0.0  ; 0.0      ; 0.0     ; N/A                 ;
+------------------+-------+------+----------+---------+---------------------+


+-----------------------------------------------------------------------+
; Setup Times                                                           ;
+-----------+------------+-------+-------+------------+-----------------+
; Data Port ; Clock Port ; Rise  ; Fall  ; Clock Edge ; Clock Reference ;
+-----------+------------+-------+-------+------------+-----------------+
; D0        ; C          ; 0.376 ; 0.733 ; Rise       ; C               ;
; D1        ; C          ; 0.657 ; 1.021 ; Rise       ; C               ;
; D2        ; C          ; 0.330 ; 0.683 ; Rise       ; C               ;
; D3        ; C          ; 0.560 ; 0.945 ; Rise       ; C               ;
; E         ; C          ; 0.484 ; 0.815 ; Rise       ; C               ;
+-----------+------------+-------+-------+------------+-----------------+


+-------------------------------------------------------------------------+
; Hold Times                                                              ;
+-----------+------------+--------+--------+------------+-----------------+
; Data Port ; Clock Port ; Rise   ; Fall   ; Clock Edge ; Clock Reference ;
+-----------+------------+--------+--------+------------+-----------------+
; D0        ; C          ; 0.252  ; 0.051  ; Rise       ; C               ;
; D1        ; C          ; -0.009 ; -0.201 ; Rise       ; C               ;
; D2        ; C          ; 0.288  ; 0.089  ; Rise       ; C               ;
; D3        ; C          ; 0.092  ; -0.153 ; Rise       ; C               ;
; E         ; C          ; 0.046  ; -0.181 ; Rise       ; C               ;
+-----------+------------+--------+--------+------------+-----------------+


+-----------------------------------------------------------------------+
; Clock to Output Times                                                 ;
+-----------+------------+-------+-------+------------+-----------------+
; Data Port ; Clock Port ; Rise  ; Fall  ; Clock Edge ; Clock Reference ;
+-----------+------------+-------+-------+------------+-----------------+
; Q0        ; C          ; 7.335 ; 7.330 ; Rise       ; C               ;
; Q1        ; C          ; 7.355 ; 7.351 ; Rise       ; C               ;
; Q2        ; C          ; 8.420 ; 8.556 ; Rise       ; C               ;
; Q3        ; C          ; 7.123 ; 7.136 ; Rise       ; C               ;
+-----------+------------+-------+-------+------------+-----------------+


+-----------------------------------------------------------------------+
; Minimum Clock to Output Times                                         ;
+-----------+------------+-------+-------+------------+-----------------+
; Data Port ; Clock Port ; Rise  ; Fall  ; Clock Edge ; Clock Reference ;
+-----------+------------+-------+-------+------------+-----------------+
; Q0        ; C          ; 3.568 ; 3.600 ; Rise       ; C               ;
; Q1        ; C          ; 3.577 ; 3.609 ; Rise       ; C               ;
; Q2        ; C          ; 4.260 ; 4.363 ; Rise       ; C               ;
; Q3        ; C          ; 3.482 ; 3.507 ; Rise       ; C               ;
+-----------+------------+-------+-------+------------+-----------------+


+------------------------------------------------------------------------------------------------------------------------------------------------------------------------------------------------------------------------------------------------------------------------------------------------------------------------------------------------------------------+
; Board Trace Model Assignments                                                                                                                                                                                                                                                                                                                                    ;
+---------------+--------------+-------------------+-------------------------+-------------------------+---------------+---------------------+----------------+------------------+--------+------------------+------------------------+------------------------+--------------+---------------+-----------------+-------+---------------------+--------------------+
; Pin           ; I/O Standard ; Near Tline Length ; Near Tline L per Length ; Near Tline C per Length ; Near Series R ; Near Differential R ; Near Pull-up R ; Near Pull-down R ; Near C ; Far Tline Length ; Far Tline L per Length ; Far Tline C per Length ; Far Series R ; Far Pull-up R ; Far Pull-down R ; Far C ; Termination Voltage ; Far Differential R ;
+---------------+--------------+-------------------+-------------------------+-------------------------+---------------+---------------------+----------------+------------------+--------+------------------+------------------------+------------------------+--------------+---------------+-----------------+-------+---------------------+--------------------+
; Q0            ; 2.5 V        ; 0 in              ; 0 H/in                  ; 0 F/in                  ; short         ; -                   ; open           ; open             ; open   ; 0 in             ; 0 H/in                 ; 0 F/in                 ; short        ; open          ; open            ; open  ; 0 V                 ; -                  ;
; Q1            ; 2.5 V        ; 0 in              ; 0 H/in                  ; 0 F/in                  ; short         ; -                   ; open           ; open             ; open   ; 0 in             ; 0 H/in                 ; 0 F/in                 ; short        ; open          ; open            ; open  ; 0 V                 ; -                  ;
; Q2            ; 2.5 V        ; 0 in              ; 0 H/in                  ; 0 F/in                  ; short         ; -                   ; open           ; open             ; open   ; 0 in             ; 0 H/in                 ; 0 F/in                 ; short        ; open          ; open            ; open  ; 0 V                 ; -                  ;
; Q3            ; 2.5 V        ; 0 in              ; 0 H/in                  ; 0 F/in                  ; short         ; -                   ; open           ; open             ; open   ; 0 in             ; 0 H/in                 ; 0 F/in                 ; short        ; open          ; open            ; open  ; 0 V                 ; -                  ;
; ~ALTERA_DCLK~ ; 2.5 V        ; 0 in              ; 0 H/in                  ; 0 F/in                  ; short         ; -                   ; open           ; open             ; open   ; 0 in             ; 0 H/in                 ; 0 F/in                 ; short        ; open          ; open            ; open  ; 0 V                 ; -                  ;
; ~ALTERA_nCEO~ ; 2.5 V        ; 0 in              ; 0 H/in                  ; 0 F/in                  ; short         ; -                   ; open           ; open             ; open   ; 0 in             ; 0 H/in                 ; 0 F/in                 ; short        ; open          ; open            ; open  ; 0 V                 ; -                  ;
+---------------+--------------+-------------------+-------------------------+-------------------------+---------------+---------------------+----------------+------------------+--------+------------------+------------------------+------------------------+--------------+---------------+-----------------+-------+---------------------+--------------------+


+----------------------------------------------------------------------------+
; Input Transition Times                                                     ;
+-------------------------+--------------+-----------------+-----------------+
; Pin                     ; I/O Standard ; 10-90 Rise Time ; 90-10 Fall Time ;
+-------------------------+--------------+-----------------+-----------------+
; D0                      ; 2.5 V        ; 2000 ps         ; 2000 ps         ;
; C                       ; 2.5 V        ; 2000 ps         ; 2000 ps         ;
; E                       ; 2.5 V        ; 2000 ps         ; 2000 ps         ;
; D1                      ; 2.5 V        ; 2000 ps         ; 2000 ps         ;
; D2                      ; 2.5 V        ; 2000 ps         ; 2000 ps         ;
; D3                      ; 2.5 V        ; 2000 ps         ; 2000 ps         ;
; ~ALTERA_ASDO_DATA1~     ; 2.5 V        ; 2000 ps         ; 2000 ps         ;
; ~ALTERA_FLASH_nCE_nCSO~ ; 2.5 V        ; 2000 ps         ; 2000 ps         ;
; ~ALTERA_DATA0~          ; 2.5 V        ; 2000 ps         ; 2000 ps         ;
+-------------------------+--------------+-----------------+-----------------+


+--------------------------------------------------------------------------------------------------------------------------------------------------------------------------------------------------------------------------------------------------------------------------------------------------------------------------------------------------------------------------------------------------------------------------------------------------------------------------------------------------------------------------------------------------------------------------------------------------------------------------------------------------------------------------------------------+
; Slow Corner Signal Integrity Metrics                                                                                                                                                                                                                                                                                                                                                                                                                                                                                                                                                                                                                                                       ;
+---------------+--------------+---------------------+---------------------+------------------------------+------------------------------+---------------------+---------------------+--------------------------------------+--------------------------------------+-----------------------------+-----------------------------+----------------------------+----------------------------+-----------------------------+-----------------------------+--------------------+--------------------+-------------------------------------+-------------------------------------+----------------------------+----------------------------+---------------------------+---------------------------+
; Pin           ; I/O Standard ; Board Delay on Rise ; Board Delay on Fall ; Steady State Voh at FPGA Pin ; Steady State Vol at FPGA Pin ; Voh Max at FPGA Pin ; Vol Min at FPGA Pin ; Ringback Voltage on Rise at FPGA Pin ; Ringback Voltage on Fall at FPGA Pin ; 10-90 Rise Time at FPGA Pin ; 90-10 Fall Time at FPGA Pin ; Monotonic Rise at FPGA Pin ; Monotonic Fall at FPGA Pin ; Steady State Voh at Far-end ; Steady State Vol at Far-end ; Voh Max at Far-end ; Vol Min at Far-end ; Ringback Voltage on Rise at Far-end ; Ringback Voltage on Fall at Far-end ; 10-90 Rise Time at Far-end ; 90-10 Fall Time at Far-end ; Monotonic Rise at Far-end ; Monotonic Fall at Far-end ;
+---------------+--------------+---------------------+---------------------+------------------------------+------------------------------+---------------------+---------------------+--------------------------------------+--------------------------------------+-----------------------------+-----------------------------+----------------------------+----------------------------+-----------------------------+-----------------------------+--------------------+--------------------+-------------------------------------+-------------------------------------+----------------------------+----------------------------+---------------------------+---------------------------+
; Q0            ; 2.5 V        ; 0 s                 ; 0 s                 ; 2.32 V                       ; 7.87e-007 V                  ; 2.34 V              ; -0.00749 V          ; 0.14 V                               ; 0.05 V                               ; 8.93e-010 s                 ; 8.69e-010 s                 ; Yes                        ; Yes                        ; 2.32 V                      ; 7.87e-007 V                 ; 2.34 V             ; -0.00749 V         ; 0.14 V                              ; 0.05 V                              ; 8.93e-010 s                ; 8.69e-010 s                ; Yes                       ; Yes                       ;
; Q1            ; 2.5 V        ; 0 s                 ; 0 s                 ; 2.32 V                       ; 7.87e-007 V                  ; 2.34 V              ; -0.00749 V          ; 0.14 V                               ; 0.05 V                               ; 8.93e-010 s                 ; 8.69e-010 s                 ; Yes                        ; Yes                        ; 2.32 V                      ; 7.87e-007 V                 ; 2.34 V             ; -0.00749 V         ; 0.14 V                              ; 0.05 V                              ; 8.93e-010 s                ; 8.69e-010 s                ; Yes                       ; Yes                       ;
; Q2            ; 2.5 V        ; 0 s                 ; 0 s                 ; 2.32 V                       ; 7.87e-007 V                  ; 2.33 V              ; -0.00229 V          ; 0.12 V                               ; 0.06 V                               ; 3.82e-009 s                 ; 3.69e-009 s                 ; Yes                        ; Yes                        ; 2.32 V                      ; 7.87e-007 V                 ; 2.33 V             ; -0.00229 V         ; 0.12 V                              ; 0.06 V                              ; 3.82e-009 s                ; 3.69e-009 s                ; Yes                       ; Yes                       ;
; Q3            ; 2.5 V        ; 0 s                 ; 0 s                 ; 2.32 V                       ; 7.87e-007 V                  ; 2.34 V              ; -0.00749 V          ; 0.14 V                               ; 0.05 V                               ; 8.93e-010 s                 ; 8.69e-010 s                 ; Yes                        ; Yes                        ; 2.32 V                      ; 7.87e-007 V                 ; 2.34 V             ; -0.00749 V         ; 0.14 V                              ; 0.05 V                              ; 8.93e-010 s                ; 8.69e-010 s                ; Yes                       ; Yes                       ;
; ~ALTERA_DCLK~ ; 2.5 V        ; 0 s                 ; 0 s                 ; 2.32 V                       ; 6.17e-007 V                  ; 2.35 V              ; -0.00803 V          ; 0.098 V                              ; 0.015 V                              ; 6.36e-010 s                 ; 5.32e-010 s                 ; Yes                        ; Yes                        ; 2.32 V                      ; 6.17e-007 V                 ; 2.35 V             ; -0.00803 V         ; 0.098 V                             ; 0.015 V                             ; 6.36e-010 s                ; 5.32e-010 s                ; Yes                       ; Yes                       ;
; ~ALTERA_nCEO~ ; 2.5 V        ; 0 s                 ; 0 s                 ; 2.32 V                       ; 1.02e-006 V                  ; 2.34 V              ; -0.00391 V          ; 0.11 V                               ; 0.015 V                              ; 8.36e-010 s                 ; 1.07e-009 s                 ; Yes                        ; Yes                        ; 2.32 V                      ; 1.02e-006 V                 ; 2.34 V             ; -0.00391 V         ; 0.11 V                              ; 0.015 V                             ; 8.36e-010 s                ; 1.07e-009 s                ; Yes                       ; Yes                       ;
+---------------+--------------+---------------------+---------------------+------------------------------+------------------------------+---------------------+---------------------+--------------------------------------+--------------------------------------+-----------------------------+-----------------------------+----------------------------+----------------------------+-----------------------------+-----------------------------+--------------------+--------------------+-------------------------------------+-------------------------------------+----------------------------+----------------------------+---------------------------+---------------------------+


+--------------------------------------------------------------------------------------------------------------------------------------------------------------------------------------------------------------------------------------------------------------------------------------------------------------------------------------------------------------------------------------------------------------------------------------------------------------------------------------------------------------------------------------------------------------------------------------------------------------------------------------------------------------------------------------------+
; Fast Corner Signal Integrity Metrics                                                                                                                                                                                                                                                                                                                                                                                                                                                                                                                                                                                                                                                       ;
+---------------+--------------+---------------------+---------------------+------------------------------+------------------------------+---------------------+---------------------+--------------------------------------+--------------------------------------+-----------------------------+-----------------------------+----------------------------+----------------------------+-----------------------------+-----------------------------+--------------------+--------------------+-------------------------------------+-------------------------------------+----------------------------+----------------------------+---------------------------+---------------------------+
; Pin           ; I/O Standard ; Board Delay on Rise ; Board Delay on Fall ; Steady State Voh at FPGA Pin ; Steady State Vol at FPGA Pin ; Voh Max at FPGA Pin ; Vol Min at FPGA Pin ; Ringback Voltage on Rise at FPGA Pin ; Ringback Voltage on Fall at FPGA Pin ; 10-90 Rise Time at FPGA Pin ; 90-10 Fall Time at FPGA Pin ; Monotonic Rise at FPGA Pin ; Monotonic Fall at FPGA Pin ; Steady State Voh at Far-end ; Steady State Vol at Far-end ; Voh Max at Far-end ; Vol Min at Far-end ; Ringback Voltage on Rise at Far-end ; Ringback Voltage on Fall at Far-end ; 10-90 Rise Time at Far-end ; 90-10 Fall Time at Far-end ; Monotonic Rise at Far-end ; Monotonic Fall at Far-end ;
+---------------+--------------+---------------------+---------------------+------------------------------+------------------------------+---------------------+---------------------+--------------------------------------+--------------------------------------+-----------------------------+-----------------------------+----------------------------+----------------------------+-----------------------------+-----------------------------+--------------------+--------------------+-------------------------------------+-------------------------------------+----------------------------+----------------------------+---------------------------+---------------------------+
; Q0            ; 2.5 V        ; 0 s                 ; 0 s                 ; 2.62 V                       ; 2.65e-009 V                  ; 2.73 V              ; -0.0444 V           ; 0.222 V                              ; 0.135 V                              ; 4.76e-010 s                 ; 4.78e-010 s                 ; No                         ; Yes                        ; 2.62 V                      ; 2.65e-009 V                 ; 2.73 V             ; -0.0444 V          ; 0.222 V                             ; 0.135 V                             ; 4.76e-010 s                ; 4.78e-010 s                ; No                        ; Yes                       ;
; Q1            ; 2.5 V        ; 0 s                 ; 0 s                 ; 2.62 V                       ; 2.65e-009 V                  ; 2.73 V              ; -0.0444 V           ; 0.222 V                              ; 0.135 V                              ; 4.76e-010 s                 ; 4.78e-010 s                 ; No                         ; Yes                        ; 2.62 V                      ; 2.65e-009 V                 ; 2.73 V             ; -0.0444 V          ; 0.222 V                             ; 0.135 V                             ; 4.76e-010 s                ; 4.78e-010 s                ; No                        ; Yes                       ;
; Q2            ; 2.5 V        ; 0 s                 ; 0 s                 ; 2.62 V                       ; 2.65e-009 V                  ; 2.65 V              ; -0.0139 V           ; 0.243 V                              ; 0.165 V                              ; 2.2e-009 s                  ; 2.13e-009 s                 ; No                         ; Yes                        ; 2.62 V                      ; 2.65e-009 V                 ; 2.65 V             ; -0.0139 V          ; 0.243 V                             ; 0.165 V                             ; 2.2e-009 s                 ; 2.13e-009 s                ; No                        ; Yes                       ;
; Q3            ; 2.5 V        ; 0 s                 ; 0 s                 ; 2.62 V                       ; 2.65e-009 V                  ; 2.73 V              ; -0.0444 V           ; 0.222 V                              ; 0.135 V                              ; 4.76e-010 s                 ; 4.78e-010 s                 ; No                         ; Yes                        ; 2.62 V                      ; 2.65e-009 V                 ; 2.73 V             ; -0.0444 V          ; 0.222 V                             ; 0.135 V                             ; 4.76e-010 s                ; 4.78e-010 s                ; No                        ; Yes                       ;
; ~ALTERA_DCLK~ ; 2.5 V        ; 0 s                 ; 0 s                 ; 2.62 V                       ; 1.92e-009 V                  ; 2.74 V              ; -0.105 V            ; 0.236 V                              ; 0.16 V                               ; 2.84e-010 s                 ; 2.77e-010 s                 ; Yes                        ; Yes                        ; 2.62 V                      ; 1.92e-009 V                 ; 2.74 V             ; -0.105 V           ; 0.236 V                             ; 0.16 V                              ; 2.84e-010 s                ; 2.77e-010 s                ; Yes                       ; Yes                       ;
; ~ALTERA_nCEO~ ; 2.5 V        ; 0 s                 ; 0 s                 ; 2.62 V                       ; 3e-009 V                     ; 2.73 V              ; -0.0273 V           ; 0.181 V                              ; 0.08 V                               ; 4.68e-010 s                 ; 6.12e-010 s                 ; No                         ; Yes                        ; 2.62 V                      ; 3e-009 V                    ; 2.73 V             ; -0.0273 V          ; 0.181 V                             ; 0.08 V                              ; 4.68e-010 s                ; 6.12e-010 s                ; No                        ; Yes                       ;
+---------------+--------------+---------------------+---------------------+------------------------------+------------------------------+---------------------+---------------------+--------------------------------------+--------------------------------------+-----------------------------+-----------------------------+----------------------------+----------------------------+-----------------------------+-----------------------------+--------------------+--------------------+-------------------------------------+-------------------------------------+----------------------------+----------------------------+---------------------------+---------------------------+


-------------------
; Clock Transfers ;
-------------------
No clock transfers to report.


---------------
; Report TCCS ;
---------------
No dedicated SERDES Transmitter circuitry present in device or used in design.


---------------
; Report RSKM ;
---------------
No dedicated SERDES Receiver circuitry present in device or used in design.


+------------------------------------------------+
; Unconstrained Paths                            ;
+---------------------------------+-------+------+
; Property                        ; Setup ; Hold ;
+---------------------------------+-------+------+
; Illegal Clocks                  ; 0     ; 0    ;
; Unconstrained Clocks            ; 0     ; 0    ;
; Unconstrained Input Ports       ; 5     ; 5    ;
; Unconstrained Input Port Paths  ; 8     ; 8    ;
; Unconstrained Output Ports      ; 4     ; 4    ;
; Unconstrained Output Port Paths ; 4     ; 4    ;
+---------------------------------+-------+------+


+------------------------------------+
; TimeQuest Timing Analyzer Messages ;
+------------------------------------+
Info: *******************************************************************
Info: Running Quartus II TimeQuest Timing Analyzer
    Info: Version 9.0 Build 132 02/25/2009 SJ Web Edition
    Info: Processing started: Wed May 05 01:20:20 2021
Info: Command: quartus_sta Lab8 -c Lab8
Info: qsta_default_script.tcl version: #3
Info: Core supply voltage is 1.2V
Info: Low junction temperature is -40 degrees C
Info: High junction temperature is 100 degrees C
Critical Warning: Synopsys Design Constraints File file not found: 'Lab8.sdc'. A Synopsys Design Constraints File is required by the TimeQuest Timing Analyzer to get proper timing constraints. Without it, the Compiler will not properly optimize the design.
Info: No user constrained base clocks found in the design. Calling "derive_clocks -period 1.0"
Info: Deriving Clocks
    Info: create_clock -period 1.000 -name C C
Info: Analyzing Slow 1200mV 100C Model
Info: No fmax paths to report
Info: No setup paths to report
Info: No hold paths to report
Info: No recovery paths to report
Info: No removal paths to report
Critical Warning: Timing requirements not met
Critical Warning: Found minimum pulse width or period violations. See Report Minimum Pulse Width for details.
Info: The Metastability Analysis global option is set to OFF.
Info: No synchronizer chains to report.
Info: Analyzing Slow 1200mV -40C Model
Info: Started post-fitting delay annotation
Info: Delay annotation completed successfully
Info: No fmax paths to report
Info: No setup paths to report
Info: No hold paths to report
Info: No recovery paths to report
Info: No removal paths to report
Critical Warning: Timing requirements not met
Critical Warning: Found minimum pulse width or period violations. See Report Minimum Pulse Width for details.
Info: The Metastability Analysis global option is set to OFF.
Info: No synchronizer chains to report.
Info: Analyzing Fast 1200mV -40C Model
Info: Started post-fitting delay annotation
Info: Delay annotation completed successfully
Info: No setup paths to report
Info: No hold paths to report
Info: No recovery paths to report
Info: No removal paths to report
Critical Warning: Timing requirements not met
Critical Warning: Found minimum pulse width or period violations. See Report Minimum Pulse Width for details.
Info: The Metastability Analysis global option is set to OFF.
Info: No synchronizer chains to report.
Info: Design is not fully constrained for setup requirements
Info: Design is not fully constrained for hold requirements
Info: Quartus II TimeQuest Timing Analyzer was successful. 0 errors, 7 warnings
    Info: Peak virtual memory: 255 megabytes
    Info: Processing ended: Wed May 05 01:20:22 2021
    Info: Elapsed time: 00:00:02
    Info: Total CPU time (on all processors): 00:00:02


